[1;31mLine 8: Expected ']' after expression in assignment destination, but got: ':='
Line 8: Error parsing program body
[0m