[1;31mLine 9: Expected ';' after statement, but got: 'end'
Line 9: Error parsing program body
[0m