[1;31mLine 11: Expected 'end for' after for loop statement, but got: ';'
Line 11: Error parsing program body
[0m