[1;31mLine 7: [Expression]: operator 'not' cannot be affixed to chars; must only be applied to boolean-equivalent types
Line 7: Error parsing program body
[0m