[1;31mLine 4: Expected identifier in variable declaration, but got: ';'
Line 4: Expected 'begin' in program body, but got: ';'
Line 4: Error parsing program body
[0m