[1;31mLine 9: Assignment statement target and expression arrays must be of the same length
Line 9: Error parsing program body
[0m