[1;31mLine 7: [ArithOp]: float and string cannot be added or subtracted
Line 7: Error parsing program body
[0m