[1;31mLine 9: If statement must be a boolean or boolean equivalent, not char
Line 9: Error parsing program body
[0m