[1;31mLine 3: Cannot add parameter 'function1' to the current scope, symbol name already exists
Line 3: Error parsing program body
[0m