[1;31mLine 9: Symbol 'function1' already exists, cannot redeclare
Line 9: Error parsing program body
[0m