[1;31mLine 5: Symbol 'arg1' already exists, cannot redeclare
Line 5: Error parsing program body
[0m