[1;31mLine 9: Cannot index into non-array name 'a'
Line 9: Error parsing program body
[0m