[1;31mLine 8: [Term]: integer and string cannot be multiplied or divided
Line 8: Error parsing program body
[0m