[1;31mLine 7: [Term]: float and bool cannot be multiplied or divided
Line 7: Error parsing program body
[0m