[1;31mLine 9: [Term]: Arrays must be the same length to be multiplied or divided
Line 9: Error parsing program body
[0m