[1;31mLine 11: [Term]: integer and procedure cannot be multiplied or divided
Line 11: Error parsing program body
[0m