[1;31mLine 5: Symbol 'dominic' already exists, cannot redeclare
Line 5: Error parsing program body
[0m