[1;31mLine 3: Symbol 'function1' already exists, cannot redeclare
Line 3: Error parsing program body
[0m