[1;31mLine 15: [Relation]: procedure and procedure cannot be compared
Line 15: Error parsing program body
[0m