[1;31mLine 7: [Relation]: char and float cannot be compared
Line 7: Error parsing program body
[0m