[1;31mLine 8: [Relation]: The relational operators are not implemented for arrays at this time
Line 8: Error parsing program body
[0m