[1;31mLine 7: [Relation]: integer and string cannot be compared
Line 7: Error parsing program body
[0m