[1;31mLine 7: Error parsing expression. Expected valid syntax, but got: '|'
Line 7: Error parsing program body
[0m