[1;31mLine 8: Error parsing expression operator. Expected valid syntax, but got: ']'
Line 8: Error parsing program body
[0m