[1;31mLine 7: Expected ')' after expression in factor, but got: ';'
Line 7: Error parsing program body
[0m