[1;31mLine 12: Expected '(' after procedure identifier to invoke procedure, but got: 'myInt'
Line 12: Error parsing program body
[0m