+--------Symbol table--------+
     char            arg5          isGlobal:     -- paramType: InOut
   string            arg4          isGlobal:     -- paramType:   Out
    float            arg2          isGlobal:     -- paramType:    In
     bool            arg3          isGlobal:     -- paramType:    In
  integer            arg1          isGlobal:     -- paramType:    In
procedure              fn          isGlobal:     -- paramType:  None
+--------End symbol table----+

+--------Symbol table--------+
     char            arg5          isGlobal:     -- paramType:  None
   string            arg4          isGlobal:     -- paramType:  None
procedure              fn          isGlobal:     -- paramType:  None
+--------End symbol table----+

Program compiled successfully
[1;31m[0m