[1;31mLine 11: Cannot index into non-array name 'a'
Line 11: Error parsing program body
[0m