[1;31mLine 13: Expected ';' after statement, but got: 'end'
Line 13: Error parsing program body
[0m