[1;31mLine 12: Symbol 'function1' not found
Line 12: Error parsing program body
[0m