[1;31mLine 2: Expected identifier in procedure header, but got: '('
Line 2: Error parsing program body
[0m