[1;31mLine 5: Expected ';' after declaration, but got: 'begin'
Line 5: Error parsing program body
[0m