[1;31mLine 2: Expected ')' after parameter list in procedure header, but got: 'typelessArg1'
Line 2: Error parsing program body
[0m