[1;31mLine 8: Minus (-) cannot be applied to an '( expression )' that is an array. This may change however, see https://github.com/domfarolino/compiler/issues/35
Line 8: Error parsing program body
[0m