[1;31mLine 8: Assignment statement target and expression arrays must be of the same length
Line 8: Error parsing program body
[0m