[1;31mLine 8: Assignment statement target (char) is not compatible with expression (bool)
Line 8: Error parsing program body
[0m