[1;31mLine 8: If statement must be a boolean or boolean equivalent, not integer array
Line 8: Error parsing program body
[0m