[1;31mLine 11: Expected at least one statement after 'else' in if statement, but got: 'end'
Line 11: Error parsing program body
[0m