[1;31mLine 9: Expected 'then' after '( <expression> )' in if statement, but got: 'dominic'
Line 9: Error parsing program body
[0m